Archive member included because of file (symbol)

/usr/lib/gcc/avr/4.8.1/avr6/libgcc.a(_udivmodsi4.o)
                              main.o (__udivmodsi4)
/usr/lib/gcc/avr/4.8.1/avr6/libgcc.a(_exit.o)
                              /usr/lib/gcc/avr/4.8.1/../../../avr/lib/avr6/crtm2560.o (exit)
/usr/lib/gcc/avr/4.8.1/avr6/libgcc.a(_copy_data.o)
                              main.o (__do_copy_data)
/usr/lib/gcc/avr/4.8.1/avr6/libgcc.a(_clear_bss.o)
                              main.o (__do_clear_bss)
/usr/lib/gcc/avr/4.8.1/../../../avr/lib/avr6/libc.a(atoi.o)
                              main.o (atoi)
/usr/lib/gcc/avr/4.8.1/../../../avr/lib/avr6/libc.a(strcat.o)
                              main.o (strcat)
/usr/lib/gcc/avr/4.8.1/../../../avr/lib/avr6/libc.a(strcpy.o)
                              main.o (strcpy)
/usr/lib/gcc/avr/4.8.1/../../../avr/lib/avr6/libc.a(itoa.o)
                              main.o (__itoa)
/usr/lib/gcc/avr/4.8.1/../../../avr/lib/avr6/libc.a(itoa_ncheck.o)
                              main.o (__itoa_ncheck)
/usr/lib/gcc/avr/4.8.1/../../../avr/lib/avr6/libc.a(mul10.o)
                              /usr/lib/gcc/avr/4.8.1/../../../avr/lib/avr6/libc.a(atoi.o) (__mulhi_const_10)
/usr/lib/gcc/avr/4.8.1/../../../avr/lib/avr6/libc.a(utoa_ncheck.o)
                              /usr/lib/gcc/avr/4.8.1/../../../avr/lib/avr6/libc.a(itoa_ncheck.o) (__utoa_common)
/usr/lib/gcc/avr/4.8.1/../../../avr/lib/avr6/libc.a(strrev.o)
                              /usr/lib/gcc/avr/4.8.1/../../../avr/lib/avr6/libc.a(utoa_ncheck.o) (strrev)

Allocating common symbols
Common symbol       size              file

usart_status        0x1               main.o
usart_rx_buffer     0x64              main.o
last_char           0x1               main.o

Memory Configuration

Name             Origin             Length             Attributes
text             0x0000000000000000 0x0000000000100000 xr
data             0x0000000000800200 0x000000000000fe00 rw !x
eeprom           0x0000000000810000 0x0000000000010000 rw !x
fuse             0x0000000000820000 0x0000000000000400 rw !x
lock             0x0000000000830000 0x0000000000000400 rw !x
signature        0x0000000000840000 0x0000000000000400 rw !x
user_signatures  0x0000000000850000 0x0000000000000400 rw !x
*default*        0x0000000000000000 0xffffffffffffffff

Linker script and memory map

Address of section .data set to 0x800200
LOAD /usr/lib/gcc/avr/4.8.1/../../../avr/lib/avr6/crtm2560.o
LOAD main.o
START GROUP
LOAD /usr/lib/gcc/avr/4.8.1/avr6/libgcc.a
LOAD /usr/lib/gcc/avr/4.8.1/../../../avr/lib/avr6/libm.a
LOAD /usr/lib/gcc/avr/4.8.1/../../../avr/lib/avr6/libc.a
END GROUP

.hash
 *(.hash)

.dynsym
 *(.dynsym)

.dynstr
 *(.dynstr)

.gnu.version
 *(.gnu.version)

.gnu.version_d
 *(.gnu.version_d)

.gnu.version_r
 *(.gnu.version_r)

.rel.init
 *(.rel.init)

.rela.init
 *(.rela.init)

.rel.text
 *(.rel.text)
 *(.rel.text.*)
 *(.rel.gnu.linkonce.t*)

.rela.text
 *(.rela.text)
 *(.rela.text.*)
 *(.rela.gnu.linkonce.t*)

.rel.fini
 *(.rel.fini)

.rela.fini
 *(.rela.fini)

.rel.rodata
 *(.rel.rodata)
 *(.rel.rodata.*)
 *(.rel.gnu.linkonce.r*)

.rela.rodata
 *(.rela.rodata)
 *(.rela.rodata.*)
 *(.rela.gnu.linkonce.r*)

.rel.data
 *(.rel.data)
 *(.rel.data.*)
 *(.rel.gnu.linkonce.d*)

.rela.data
 *(.rela.data)
 *(.rela.data.*)
 *(.rela.gnu.linkonce.d*)

.rel.ctors
 *(.rel.ctors)

.rela.ctors
 *(.rela.ctors)

.rel.dtors
 *(.rel.dtors)

.rela.dtors
 *(.rela.dtors)

.rel.got
 *(.rel.got)

.rela.got
 *(.rela.got)

.rel.bss
 *(.rel.bss)

.rela.bss
 *(.rela.bss)

.rel.plt
 *(.rel.plt)

.rela.plt
 *(.rela.plt)

.text           0x0000000000000000      0x5d6
 *(.vectors)
 .vectors       0x0000000000000000       0xe4 /usr/lib/gcc/avr/4.8.1/../../../avr/lib/avr6/crtm2560.o
                0x0000000000000000                __vectors
                0x0000000000000000                __vector_default
 *(.vectors)
 *(.progmem.gcc*)
                0x00000000000000e4                . = ALIGN (0x2)
                0x00000000000000e4                __trampolines_start = .
 *(.trampolines)
 .trampolines   0x00000000000000e4        0x0 linker stubs
 *(.trampolines*)
                0x00000000000000e4                __trampolines_end = .
 *(.progmem*)
                0x00000000000000e4                . = ALIGN (0x2)
 *(.jumptables)
 *(.jumptables*)
 *(.lowtext)
 *(.lowtext*)
                0x00000000000000e4                __ctors_start = .
 *(.ctors)
                0x00000000000000e4                __ctors_end = .
                0x00000000000000e4                __dtors_start = .
 *(.dtors)
                0x00000000000000e4                __dtors_end = .
 SORT(*)(.ctors)
 SORT(*)(.dtors)
 *(.init0)
 .init0         0x00000000000000e4        0x0 /usr/lib/gcc/avr/4.8.1/../../../avr/lib/avr6/crtm2560.o
                0x00000000000000e4                __init
 *(.init0)
 *(.init1)
 *(.init1)
 *(.init2)
 .init2         0x00000000000000e4       0x10 /usr/lib/gcc/avr/4.8.1/../../../avr/lib/avr6/crtm2560.o
 *(.init2)
 *(.init3)
 *(.init3)
 *(.init4)
 .init4         0x00000000000000f4       0x1a /usr/lib/gcc/avr/4.8.1/avr6/libgcc.a(_copy_data.o)
                0x00000000000000f4                __do_copy_data
 .init4         0x000000000000010e       0x10 /usr/lib/gcc/avr/4.8.1/avr6/libgcc.a(_clear_bss.o)
                0x000000000000010e                __do_clear_bss
 *(.init4)
 *(.init5)
 *(.init5)
 *(.init6)
 *(.init6)
 *(.init7)
 *(.init7)
 *(.init8)
 *(.init8)
 *(.init9)
 .init9         0x000000000000011e        0x8 /usr/lib/gcc/avr/4.8.1/../../../avr/lib/avr6/crtm2560.o
 *(.init9)
 *(.text)
 .text          0x0000000000000126        0x4 /usr/lib/gcc/avr/4.8.1/../../../avr/lib/avr6/crtm2560.o
                0x0000000000000126                __vector_38
                0x0000000000000126                __vector_22
                0x0000000000000126                __vector_28
                0x0000000000000126                __vector_1
                0x0000000000000126                __vector_32
                0x0000000000000126                __vector_34
                0x0000000000000126                __vector_24
                0x0000000000000126                __vector_12
                0x0000000000000126                __vector_55
                0x0000000000000126                __vector_46
                0x0000000000000126                __bad_interrupt
                0x0000000000000126                __vector_6
                0x0000000000000126                __vector_31
                0x0000000000000126                __vector_35
                0x0000000000000126                __vector_39
                0x0000000000000126                __vector_3
                0x0000000000000126                __vector_23
                0x0000000000000126                __vector_30
                0x0000000000000126                __vector_45
                0x0000000000000126                __vector_25
                0x0000000000000126                __vector_11
                0x0000000000000126                __vector_54
                0x0000000000000126                __vector_13
                0x0000000000000126                __vector_17
                0x0000000000000126                __vector_19
                0x0000000000000126                __vector_56
                0x0000000000000126                __vector_7
                0x0000000000000126                __vector_49
                0x0000000000000126                __vector_41
                0x0000000000000126                __vector_43
                0x0000000000000126                __vector_27
                0x0000000000000126                __vector_5
                0x0000000000000126                __vector_33
                0x0000000000000126                __vector_47
                0x0000000000000126                __vector_52
                0x0000000000000126                __vector_37
                0x0000000000000126                __vector_4
                0x0000000000000126                __vector_44
                0x0000000000000126                __vector_51
                0x0000000000000126                __vector_9
                0x0000000000000126                __vector_2
                0x0000000000000126                __vector_21
                0x0000000000000126                __vector_15
                0x0000000000000126                __vector_36
                0x0000000000000126                __vector_29
                0x0000000000000126                __vector_40
                0x0000000000000126                __vector_8
                0x0000000000000126                __vector_26
                0x0000000000000126                __vector_48
                0x0000000000000126                __vector_14
                0x0000000000000126                __vector_53
                0x0000000000000126                __vector_10
                0x0000000000000126                __vector_50
                0x0000000000000126                __vector_16
                0x0000000000000126                __vector_18
                0x0000000000000126                __vector_20
                0x0000000000000126                __vector_42
 .text          0x000000000000012a      0x2f4 main.o
                0x000000000000012a                usart_init
                0x0000000000000166                usart_write_char
                0x000000000000017c                usart_write_str
                0x0000000000000194                usart_write_P
                0x0000000000000322                i2c_init
                0x000000000000032e                i2c_start
                0x0000000000000372                i2c_start_wait
                0x00000000000003c0                i2c_rep_start
                0x00000000000003c4                i2c_stop
                0x00000000000003d4                i2c_write
                0x00000000000003f6                i2c_readAck
                0x000000000000040a                i2c_readNak
 .text          0x000000000000041e        0x0 /usr/lib/gcc/avr/4.8.1/avr6/libgcc.a(_udivmodsi4.o)
 .text          0x000000000000041e        0x0 /usr/lib/gcc/avr/4.8.1/avr6/libgcc.a(_exit.o)
 .text          0x000000000000041e        0x0 /usr/lib/gcc/avr/4.8.1/avr6/libgcc.a(_copy_data.o)
 .text          0x000000000000041e        0x0 /usr/lib/gcc/avr/4.8.1/avr6/libgcc.a(_clear_bss.o)
 .text          0x000000000000041e        0x0 /usr/lib/gcc/avr/4.8.1/../../../avr/lib/avr6/libc.a(atoi.o)
 .text          0x000000000000041e        0x0 /usr/lib/gcc/avr/4.8.1/../../../avr/lib/avr6/libc.a(strcat.o)
 .text          0x000000000000041e        0x0 /usr/lib/gcc/avr/4.8.1/../../../avr/lib/avr6/libc.a(strcpy.o)
 .text          0x000000000000041e        0x0 /usr/lib/gcc/avr/4.8.1/../../../avr/lib/avr6/libc.a(itoa.o)
 .text          0x000000000000041e        0x0 /usr/lib/gcc/avr/4.8.1/../../../avr/lib/avr6/libc.a(itoa_ncheck.o)
 .text          0x000000000000041e        0x0 /usr/lib/gcc/avr/4.8.1/../../../avr/lib/avr6/libc.a(mul10.o)
 .text          0x000000000000041e        0x0 /usr/lib/gcc/avr/4.8.1/../../../avr/lib/avr6/libc.a(utoa_ncheck.o)
 .text          0x000000000000041e        0x0 /usr/lib/gcc/avr/4.8.1/../../../avr/lib/avr6/libc.a(strrev.o)
                0x000000000000041e                . = ALIGN (0x2)
 *(.text.*)
 .text.startup  0x000000000000041e       0x80 main.o
                0x000000000000041e                main
 .text.libgcc.mul
                0x000000000000049e        0x0 /usr/lib/gcc/avr/4.8.1/avr6/libgcc.a(_udivmodsi4.o)
 .text.libgcc.div
                0x000000000000049e       0x44 /usr/lib/gcc/avr/4.8.1/avr6/libgcc.a(_udivmodsi4.o)
                0x000000000000049e                __udivmodsi4
 .text.libgcc   0x00000000000004e2        0x0 /usr/lib/gcc/avr/4.8.1/avr6/libgcc.a(_udivmodsi4.o)
 .text.libgcc.prologue
                0x00000000000004e2        0x0 /usr/lib/gcc/avr/4.8.1/avr6/libgcc.a(_udivmodsi4.o)
 .text.libgcc.builtins
                0x00000000000004e2        0x0 /usr/lib/gcc/avr/4.8.1/avr6/libgcc.a(_udivmodsi4.o)
 .text.libgcc.fmul
                0x00000000000004e2        0x0 /usr/lib/gcc/avr/4.8.1/avr6/libgcc.a(_udivmodsi4.o)
 .text.libgcc.fixed
                0x00000000000004e2        0x0 /usr/lib/gcc/avr/4.8.1/avr6/libgcc.a(_udivmodsi4.o)
 .text.libgcc.mul
                0x00000000000004e2        0x0 /usr/lib/gcc/avr/4.8.1/avr6/libgcc.a(_exit.o)
 .text.libgcc.div
                0x00000000000004e2        0x0 /usr/lib/gcc/avr/4.8.1/avr6/libgcc.a(_exit.o)
 .text.libgcc   0x00000000000004e2        0x0 /usr/lib/gcc/avr/4.8.1/avr6/libgcc.a(_exit.o)
 .text.libgcc.prologue
                0x00000000000004e2        0x0 /usr/lib/gcc/avr/4.8.1/avr6/libgcc.a(_exit.o)
 .text.libgcc.builtins
                0x00000000000004e2        0x0 /usr/lib/gcc/avr/4.8.1/avr6/libgcc.a(_exit.o)
 .text.libgcc.fmul
                0x00000000000004e2        0x0 /usr/lib/gcc/avr/4.8.1/avr6/libgcc.a(_exit.o)
 .text.libgcc.fixed
                0x00000000000004e2        0x0 /usr/lib/gcc/avr/4.8.1/avr6/libgcc.a(_exit.o)
 .text.libgcc.mul
                0x00000000000004e2        0x0 /usr/lib/gcc/avr/4.8.1/avr6/libgcc.a(_copy_data.o)
 .text.libgcc.div
                0x00000000000004e2        0x0 /usr/lib/gcc/avr/4.8.1/avr6/libgcc.a(_copy_data.o)
 .text.libgcc   0x00000000000004e2        0x0 /usr/lib/gcc/avr/4.8.1/avr6/libgcc.a(_copy_data.o)
 .text.libgcc.prologue
                0x00000000000004e2        0x0 /usr/lib/gcc/avr/4.8.1/avr6/libgcc.a(_copy_data.o)
 .text.libgcc.builtins
                0x00000000000004e2        0x0 /usr/lib/gcc/avr/4.8.1/avr6/libgcc.a(_copy_data.o)
 .text.libgcc.fmul
                0x00000000000004e2        0x0 /usr/lib/gcc/avr/4.8.1/avr6/libgcc.a(_copy_data.o)
 .text.libgcc.fixed
                0x00000000000004e2        0x0 /usr/lib/gcc/avr/4.8.1/avr6/libgcc.a(_copy_data.o)
 .text.libgcc.mul
                0x00000000000004e2        0x0 /usr/lib/gcc/avr/4.8.1/avr6/libgcc.a(_clear_bss.o)
 .text.libgcc.div
                0x00000000000004e2        0x0 /usr/lib/gcc/avr/4.8.1/avr6/libgcc.a(_clear_bss.o)
 .text.libgcc   0x00000000000004e2        0x0 /usr/lib/gcc/avr/4.8.1/avr6/libgcc.a(_clear_bss.o)
 .text.libgcc.prologue
                0x00000000000004e2        0x0 /usr/lib/gcc/avr/4.8.1/avr6/libgcc.a(_clear_bss.o)
 .text.libgcc.builtins
                0x00000000000004e2        0x0 /usr/lib/gcc/avr/4.8.1/avr6/libgcc.a(_clear_bss.o)
 .text.libgcc.fmul
                0x00000000000004e2        0x0 /usr/lib/gcc/avr/4.8.1/avr6/libgcc.a(_clear_bss.o)
 .text.libgcc.fixed
                0x00000000000004e2        0x0 /usr/lib/gcc/avr/4.8.1/avr6/libgcc.a(_clear_bss.o)
 .text.avr-libc
                0x00000000000004e2       0x3c /usr/lib/gcc/avr/4.8.1/../../../avr/lib/avr6/libc.a(atoi.o)
                0x00000000000004e2                atoi
 .text.avr-libc
                0x000000000000051e       0x16 /usr/lib/gcc/avr/4.8.1/../../../avr/lib/avr6/libc.a(strcat.o)
                0x000000000000051e                strcat
 .text.avr-libc
                0x0000000000000534        0xe /usr/lib/gcc/avr/4.8.1/../../../avr/lib/avr6/libc.a(strcpy.o)
                0x0000000000000534                strcpy
 .text.avr-libc
                0x0000000000000542       0x16 /usr/lib/gcc/avr/4.8.1/../../../avr/lib/avr6/libc.a(itoa.o)
                0x0000000000000542                itoa
                0x0000000000000542                __itoa
 .text.avr-libc
                0x0000000000000558       0x16 /usr/lib/gcc/avr/4.8.1/../../../avr/lib/avr6/libc.a(itoa_ncheck.o)
                0x0000000000000558                __itoa_ncheck
 .text.avr-libc
                0x000000000000056e       0x10 /usr/lib/gcc/avr/4.8.1/../../../avr/lib/avr6/libc.a(mul10.o)
                0x000000000000056e                __mulhi_const_10
 .text.avr-libc
                0x000000000000057e       0x34 /usr/lib/gcc/avr/4.8.1/../../../avr/lib/avr6/libc.a(utoa_ncheck.o)
                0x000000000000057e                __utoa_ncheck
                0x0000000000000580                __utoa_common
 .text.avr-libc
                0x00000000000005b2       0x20 /usr/lib/gcc/avr/4.8.1/../../../avr/lib/avr6/libc.a(strrev.o)
                0x00000000000005b2                strrev
                0x00000000000005d2                . = ALIGN (0x2)
 *(.fini9)
 .fini9         0x00000000000005d2        0x0 /usr/lib/gcc/avr/4.8.1/avr6/libgcc.a(_exit.o)
                0x00000000000005d2                exit
                0x00000000000005d2                _exit
 *(.fini9)
 *(.fini8)
 *(.fini8)
 *(.fini7)
 *(.fini7)
 *(.fini6)
 *(.fini6)
 *(.fini5)
 *(.fini5)
 *(.fini4)
 *(.fini4)
 *(.fini3)
 *(.fini3)
 *(.fini2)
 *(.fini2)
 *(.fini1)
 *(.fini1)
 *(.fini0)
 .fini0         0x00000000000005d2        0x4 /usr/lib/gcc/avr/4.8.1/avr6/libgcc.a(_exit.o)
 *(.fini0)
                0x00000000000005d6                _etext = .

.data           0x0000000000800200       0x20 load address 0x00000000000005d6
                0x0000000000800200                PROVIDE (__data_start, .)
 *(.data)
 .data          0x0000000000800200        0x0 /usr/lib/gcc/avr/4.8.1/../../../avr/lib/avr6/crtm2560.o
 .data          0x0000000000800200        0x4 main.o
                0x0000000000800200                rx_buffer_pointer_out
                0x0000000000800202                rx_buffer_pointer_in
 .data          0x0000000000800204        0x0 /usr/lib/gcc/avr/4.8.1/avr6/libgcc.a(_udivmodsi4.o)
 .data          0x0000000000800204        0x0 /usr/lib/gcc/avr/4.8.1/avr6/libgcc.a(_exit.o)
 .data          0x0000000000800204        0x0 /usr/lib/gcc/avr/4.8.1/avr6/libgcc.a(_copy_data.o)
 .data          0x0000000000800204        0x0 /usr/lib/gcc/avr/4.8.1/avr6/libgcc.a(_clear_bss.o)
 .data          0x0000000000800204        0x0 /usr/lib/gcc/avr/4.8.1/../../../avr/lib/avr6/libc.a(atoi.o)
 .data          0x0000000000800204        0x0 /usr/lib/gcc/avr/4.8.1/../../../avr/lib/avr6/libc.a(strcat.o)
 .data          0x0000000000800204        0x0 /usr/lib/gcc/avr/4.8.1/../../../avr/lib/avr6/libc.a(strcpy.o)
 .data          0x0000000000800204        0x0 /usr/lib/gcc/avr/4.8.1/../../../avr/lib/avr6/libc.a(itoa.o)
 .data          0x0000000000800204        0x0 /usr/lib/gcc/avr/4.8.1/../../../avr/lib/avr6/libc.a(itoa_ncheck.o)
 .data          0x0000000000800204        0x0 /usr/lib/gcc/avr/4.8.1/../../../avr/lib/avr6/libc.a(mul10.o)
 .data          0x0000000000800204        0x0 /usr/lib/gcc/avr/4.8.1/../../../avr/lib/avr6/libc.a(utoa_ncheck.o)
 .data          0x0000000000800204        0x0 /usr/lib/gcc/avr/4.8.1/../../../avr/lib/avr6/libc.a(strrev.o)
 *(.data*)
 *(.rodata)
 *(.rodata*)
 .rodata.str1.1
                0x0000000000800204       0x1b main.o
                                         0x1d (size before relaxing)
 *(.gnu.linkonce.d*)
                0x0000000000800220                . = ALIGN (0x2)
 *fill*         0x000000000080021f        0x1 
                0x0000000000800220                _edata = .
                0x0000000000800220                PROVIDE (__data_end, .)

.bss            0x0000000000800220       0x68
                0x0000000000800220                PROVIDE (__bss_start, .)
 *(.bss)
 .bss           0x0000000000800220        0x0 /usr/lib/gcc/avr/4.8.1/../../../avr/lib/avr6/crtm2560.o
 .bss           0x0000000000800220        0x2 main.o
                0x0000000000800220                buffercounter
 .bss           0x0000000000800222        0x0 /usr/lib/gcc/avr/4.8.1/avr6/libgcc.a(_udivmodsi4.o)
 .bss           0x0000000000800222        0x0 /usr/lib/gcc/avr/4.8.1/avr6/libgcc.a(_exit.o)
 .bss           0x0000000000800222        0x0 /usr/lib/gcc/avr/4.8.1/avr6/libgcc.a(_copy_data.o)
 .bss           0x0000000000800222        0x0 /usr/lib/gcc/avr/4.8.1/avr6/libgcc.a(_clear_bss.o)
 .bss           0x0000000000800222        0x0 /usr/lib/gcc/avr/4.8.1/../../../avr/lib/avr6/libc.a(atoi.o)
 .bss           0x0000000000800222        0x0 /usr/lib/gcc/avr/4.8.1/../../../avr/lib/avr6/libc.a(strcat.o)
 .bss           0x0000000000800222        0x0 /usr/lib/gcc/avr/4.8.1/../../../avr/lib/avr6/libc.a(strcpy.o)
 .bss           0x0000000000800222        0x0 /usr/lib/gcc/avr/4.8.1/../../../avr/lib/avr6/libc.a(itoa.o)
 .bss           0x0000000000800222        0x0 /usr/lib/gcc/avr/4.8.1/../../../avr/lib/avr6/libc.a(itoa_ncheck.o)
 .bss           0x0000000000800222        0x0 /usr/lib/gcc/avr/4.8.1/../../../avr/lib/avr6/libc.a(mul10.o)
 .bss           0x0000000000800222        0x0 /usr/lib/gcc/avr/4.8.1/../../../avr/lib/avr6/libc.a(utoa_ncheck.o)
 .bss           0x0000000000800222        0x0 /usr/lib/gcc/avr/4.8.1/../../../avr/lib/avr6/libc.a(strrev.o)
 *(.bss*)
 *(COMMON)
 COMMON         0x0000000000800222       0x66 main.o
                0x0000000000800222                usart_status
                0x0000000000800223                usart_rx_buffer
                0x0000000000800287                last_char
                0x0000000000800288                PROVIDE (__bss_end, .)
                0x00000000000005d6                __data_load_start = LOADADDR (.data)
                0x00000000000005f6                __data_load_end = (__data_load_start + SIZEOF (.data))

.noinit         0x0000000000800288        0x0
                0x0000000000800288                PROVIDE (__noinit_start, .)
 *(.noinit*)
                0x0000000000800288                PROVIDE (__noinit_end, .)
                0x0000000000800288                _end = .
                0x0000000000800288                PROVIDE (__heap_start, .)

.eeprom         0x0000000000810000        0x0
 *(.eeprom*)
                0x0000000000810000                __eeprom_end = .

.fuse
 *(.fuse)
 *(.lfuse)
 *(.hfuse)
 *(.efuse)

.lock
 *(.lock*)

.signature
 *(.signature*)

.user_signatures
 *(.user_signatures*)

.stab
 *(.stab)

.stabstr
 *(.stabstr)

.stab.excl
 *(.stab.excl)

.stab.exclstr
 *(.stab.exclstr)

.stab.index
 *(.stab.index)

.stab.indexstr
 *(.stab.indexstr)

.comment        0x0000000000000000       0x11
 *(.comment)
 .comment       0x0000000000000000       0x11 main.o
                                         0x12 (size before relaxing)

.note.gnu.build-id
 *(.note.gnu.build-id)

.debug
 *(.debug)

.line
 *(.line)

.debug_srcinfo
 *(.debug_srcinfo)

.debug_sfnames
 *(.debug_sfnames)

.debug_aranges  0x0000000000000000       0x28
 *(.debug_aranges)
 .debug_aranges
                0x0000000000000000       0x28 main.o

.debug_pubnames
 *(.debug_pubnames)

.debug_info     0x0000000000000000      0x87d
 *(.debug_info .gnu.linkonce.wi.*)
 .debug_info    0x0000000000000000      0x87d main.o

.debug_abbrev   0x0000000000000000      0x366
 *(.debug_abbrev)
 .debug_abbrev  0x0000000000000000      0x366 main.o

.debug_line     0x0000000000000000      0x24e
 *(.debug_line .debug_line.* .debug_line_end)
 .debug_line    0x0000000000000000      0x24e main.o

.debug_frame    0x0000000000000000      0x158
 *(.debug_frame)
 .debug_frame   0x0000000000000000      0x158 main.o

.debug_str      0x0000000000000000      0x339
 *(.debug_str)
 .debug_str     0x0000000000000000      0x339 main.o
                                        0x386 (size before relaxing)

.debug_loc      0x0000000000000000      0x690
 *(.debug_loc)
 .debug_loc     0x0000000000000000      0x690 main.o

.debug_macinfo
 *(.debug_macinfo)

.debug_weaknames
 *(.debug_weaknames)

.debug_funcnames
 *(.debug_funcnames)

.debug_typenames
 *(.debug_typenames)

.debug_varnames
 *(.debug_varnames)

.debug_pubtypes
 *(.debug_pubtypes)

.debug_ranges   0x0000000000000000       0x68
 *(.debug_ranges)
 .debug_ranges  0x0000000000000000       0x68 main.o

.debug_macro
 *(.debug_macro)
OUTPUT(test.elf elf32-avr)
LOAD linker stubs
